Archive member included to satisfy reference by file (symbol)

c:/program files (x86)/atmel/studio/7.0/toolchain/avr8/avr8-gnu-toolchain/bin/../lib/gcc/avr/5.4.0/avr51\libgcc.a(_exit.o)
                              C:/Program Files (x86)/Atmel/Studio/7.0/Packs/Atmel/ATmega_DFP/1.3.300/gcc/dev/atmega1284/avr51/crtatmega1284.o (exit)

Discarded input sections

 .data          0x00000000        0x0 C:/Program Files (x86)/Atmel/Studio/7.0/Packs/Atmel/ATmega_DFP/1.3.300/gcc/dev/atmega1284/avr51/crtatmega1284.o
 .bss           0x00000000        0x0 C:/Program Files (x86)/Atmel/Studio/7.0/Packs/Atmel/ATmega_DFP/1.3.300/gcc/dev/atmega1284/avr51/crtatmega1284.o
 .text          0x00000000        0x0 main.o
 .data          0x00000000        0x0 main.o
 .bss           0x00000000        0x0 main.o
 .text.displayState
                0x00000000        0x2 main.o
 .text.getKeyInput
                0x00000000        0x2 main.o
 .text.setLED   0x00000000        0x2 main.o
 .text.startSiren
                0x00000000        0x2 main.o
 .text.stopSiren
                0x00000000        0x2 main.o
 .text          0x00000000        0x0 c:/program files (x86)/atmel/studio/7.0/toolchain/avr8/avr8-gnu-toolchain/bin/../lib/gcc/avr/5.4.0/avr51\libgcc.a(_exit.o)
 .data          0x00000000        0x0 c:/program files (x86)/atmel/studio/7.0/toolchain/avr8/avr8-gnu-toolchain/bin/../lib/gcc/avr/5.4.0/avr51\libgcc.a(_exit.o)
 .bss           0x00000000        0x0 c:/program files (x86)/atmel/studio/7.0/toolchain/avr8/avr8-gnu-toolchain/bin/../lib/gcc/avr/5.4.0/avr51\libgcc.a(_exit.o)
 .text.libgcc.mul
                0x00000000        0x0 c:/program files (x86)/atmel/studio/7.0/toolchain/avr8/avr8-gnu-toolchain/bin/../lib/gcc/avr/5.4.0/avr51\libgcc.a(_exit.o)
 .text.libgcc.div
                0x00000000        0x0 c:/program files (x86)/atmel/studio/7.0/toolchain/avr8/avr8-gnu-toolchain/bin/../lib/gcc/avr/5.4.0/avr51\libgcc.a(_exit.o)
 .text.libgcc   0x00000000        0x0 c:/program files (x86)/atmel/studio/7.0/toolchain/avr8/avr8-gnu-toolchain/bin/../lib/gcc/avr/5.4.0/avr51\libgcc.a(_exit.o)
 .text.libgcc.prologue
                0x00000000        0x0 c:/program files (x86)/atmel/studio/7.0/toolchain/avr8/avr8-gnu-toolchain/bin/../lib/gcc/avr/5.4.0/avr51\libgcc.a(_exit.o)
 .text.libgcc.builtins
                0x00000000        0x0 c:/program files (x86)/atmel/studio/7.0/toolchain/avr8/avr8-gnu-toolchain/bin/../lib/gcc/avr/5.4.0/avr51\libgcc.a(_exit.o)
 .text.libgcc.fmul
                0x00000000        0x0 c:/program files (x86)/atmel/studio/7.0/toolchain/avr8/avr8-gnu-toolchain/bin/../lib/gcc/avr/5.4.0/avr51\libgcc.a(_exit.o)
 .text.libgcc.fixed
                0x00000000        0x0 c:/program files (x86)/atmel/studio/7.0/toolchain/avr8/avr8-gnu-toolchain/bin/../lib/gcc/avr/5.4.0/avr51\libgcc.a(_exit.o)

Memory Configuration

Name             Origin             Length             Attributes
text             0x00000000         0x00020000         xr
data             0x00800100         0x0000ff00         rw !x
eeprom           0x00810000         0x00010000         rw !x
fuse             0x00820000         0x00000003         rw !x
lock             0x00830000         0x00000400         rw !x
signature        0x00840000         0x00000400         rw !x
user_signatures  0x00850000         0x00000400         rw !x
*default*        0x00000000         0xffffffff

Linker script and memory map

Address of section .data set to 0x800100
LOAD C:/Program Files (x86)/Atmel/Studio/7.0/Packs/Atmel/ATmega_DFP/1.3.300/gcc/dev/atmega1284/avr51/crtatmega1284.o
LOAD main.o
START GROUP
LOAD S:\Courses\eit\EITA15\Laborationer\Datlab\lab4\libtrue_den.a
END GROUP
START GROUP
LOAD c:/program files (x86)/atmel/studio/7.0/toolchain/avr8/avr8-gnu-toolchain/bin/../lib/gcc/avr/5.4.0/avr51\libgcc.a
LOAD c:/program files (x86)/atmel/studio/7.0/toolchain/avr8/avr8-gnu-toolchain/bin/../lib/gcc/avr/5.4.0/../../../../avr/lib/avr51\libm.a
LOAD c:/program files (x86)/atmel/studio/7.0/toolchain/avr8/avr8-gnu-toolchain/bin/../lib/gcc/avr/5.4.0/../../../../avr/lib/avr51\libc.a
LOAD C:/Program Files (x86)/Atmel/Studio/7.0/Packs/Atmel/ATmega_DFP/1.3.300/gcc/dev/atmega1284/avr51\libatmega1284.a
END GROUP
                0x00020000                __TEXT_REGION_LENGTH__ = DEFINED (__TEXT_REGION_LENGTH__)?__TEXT_REGION_LENGTH__:0x20000
                0x0000ff00                __DATA_REGION_LENGTH__ = DEFINED (__DATA_REGION_LENGTH__)?__DATA_REGION_LENGTH__:0xff00
                0x00010000                __EEPROM_REGION_LENGTH__ = DEFINED (__EEPROM_REGION_LENGTH__)?__EEPROM_REGION_LENGTH__:0x10000
                [0x00000003]                __FUSE_REGION_LENGTH__ = DEFINED (__FUSE_REGION_LENGTH__)?__FUSE_REGION_LENGTH__:0x400
                0x00000400                __LOCK_REGION_LENGTH__ = DEFINED (__LOCK_REGION_LENGTH__)?__LOCK_REGION_LENGTH__:0x400
                0x00000400                __SIGNATURE_REGION_LENGTH__ = DEFINED (__SIGNATURE_REGION_LENGTH__)?__SIGNATURE_REGION_LENGTH__:0x400
                0x00000400                __USER_SIGNATURE_REGION_LENGTH__ = DEFINED (__USER_SIGNATURE_REGION_LENGTH__)?__USER_SIGNATURE_REGION_LENGTH__:0x400

.hash
 *(.hash)

.dynsym
 *(.dynsym)

.dynstr
 *(.dynstr)

.gnu.version
 *(.gnu.version)

.gnu.version_d
 *(.gnu.version_d)

.gnu.version_r
 *(.gnu.version_r)

.rel.init
 *(.rel.init)

.rela.init
 *(.rela.init)

.rel.text
 *(.rel.text)
 *(.rel.text.*)
 *(.rel.gnu.linkonce.t*)

.rela.text
 *(.rela.text)
 *(.rela.text.*)
 *(.rela.gnu.linkonce.t*)

.rel.fini
 *(.rel.fini)

.rela.fini
 *(.rela.fini)

.rel.rodata
 *(.rel.rodata)
 *(.rel.rodata.*)
 *(.rel.gnu.linkonce.r*)

.rela.rodata
 *(.rela.rodata)
 *(.rela.rodata.*)
 *(.rela.gnu.linkonce.r*)

.rel.data
 *(.rel.data)
 *(.rel.data.*)
 *(.rel.gnu.linkonce.d*)

.rela.data
 *(.rela.data)
 *(.rela.data.*)
 *(.rela.gnu.linkonce.d*)

.rel.ctors
 *(.rel.ctors)

.rela.ctors
 *(.rela.ctors)

.rel.dtors
 *(.rel.dtors)

.rela.dtors
 *(.rela.dtors)

.rel.got
 *(.rel.got)

.rela.got
 *(.rela.got)

.rel.bss
 *(.rel.bss)

.rela.bss
 *(.rela.bss)

.rel.plt
 *(.rel.plt)

.rela.plt
 *(.rela.plt)

.text           0x00000000       0xec
 *(.vectors)
 .vectors       0x00000000       0x8c C:/Program Files (x86)/Atmel/Studio/7.0/Packs/Atmel/ATmega_DFP/1.3.300/gcc/dev/atmega1284/avr51/crtatmega1284.o
                0x00000000                __vector_default
                0x00000000                __vectors
 *(.vectors)
 *(.progmem.gcc*)
                0x0000008c                . = ALIGN (0x2)
                0x0000008c                __trampolines_start = .
 *(.trampolines)
 .trampolines   0x0000008c        0x0 linker stubs
 *(.trampolines*)
                0x0000008c                __trampolines_end = .
 *libprintf_flt.a:*(.progmem.data)
 *libc.a:*(.progmem.data)
 *(.progmem*)
                0x0000008c                . = ALIGN (0x2)
 *(.jumptables)
 *(.jumptables*)
 *(.lowtext)
 *(.lowtext*)
                0x0000008c                __ctors_start = .
 *(.ctors)
                0x0000008c                __ctors_end = .
                0x0000008c                __dtors_start = .
 *(.dtors)
                0x0000008c                __dtors_end = .
 SORT(*)(.ctors)
 SORT(*)(.dtors)
 *(.init0)
 .init0         0x0000008c        0x0 C:/Program Files (x86)/Atmel/Studio/7.0/Packs/Atmel/ATmega_DFP/1.3.300/gcc/dev/atmega1284/avr51/crtatmega1284.o
                0x0000008c                __init
 *(.init0)
 *(.init1)
 *(.init1)
 *(.init2)
 .init2         0x0000008c        0xc C:/Program Files (x86)/Atmel/Studio/7.0/Packs/Atmel/ATmega_DFP/1.3.300/gcc/dev/atmega1284/avr51/crtatmega1284.o
 *(.init2)
 *(.init3)
 *(.init3)
 *(.init4)
 *(.init4)
 *(.init5)
 *(.init5)
 *(.init6)
 *(.init6)
 *(.init7)
 *(.init7)
 *(.init8)
 *(.init8)
 *(.init9)
 .init9         0x00000098        0x4 C:/Program Files (x86)/Atmel/Studio/7.0/Packs/Atmel/ATmega_DFP/1.3.300/gcc/dev/atmega1284/avr51/crtatmega1284.o
 *(.init9)
 *(.text)
 .text          0x0000009c        0x2 C:/Program Files (x86)/Atmel/Studio/7.0/Packs/Atmel/ATmega_DFP/1.3.300/gcc/dev/atmega1284/avr51/crtatmega1284.o
                0x0000009c                __vector_22
                0x0000009c                __vector_28
                0x0000009c                __vector_1
                0x0000009c                __vector_32
                0x0000009c                __vector_34
                0x0000009c                __vector_24
                0x0000009c                __vector_12
                0x0000009c                __bad_interrupt
                0x0000009c                __vector_6
                0x0000009c                __vector_31
                0x0000009c                __vector_3
                0x0000009c                __vector_23
                0x0000009c                __vector_30
                0x0000009c                __vector_25
                0x0000009c                __vector_11
                0x0000009c                __vector_13
                0x0000009c                __vector_17
                0x0000009c                __vector_19
                0x0000009c                __vector_7
                0x0000009c                __vector_27
                0x0000009c                __vector_5
                0x0000009c                __vector_33
                0x0000009c                __vector_4
                0x0000009c                __vector_9
                0x0000009c                __vector_2
                0x0000009c                __vector_21
                0x0000009c                __vector_15
                0x0000009c                __vector_29
                0x0000009c                __vector_8
                0x0000009c                __vector_26
                0x0000009c                __vector_14
                0x0000009c                __vector_10
                0x0000009c                __vector_16
                0x0000009c                __vector_18
                0x0000009c                __vector_20
                0x0000009e                . = ALIGN (0x2)
 *(.text.*)
 .text.debugLED
                0x0000009e        0xc main.o
                0x0000009e                debugLED
 .text.getSensorInput
                0x000000aa       0x28 main.o
                0x000000aa                getSensorInput
 .text.main     0x000000d2       0x16 main.o
                0x000000d2                main
                0x000000e8                . = ALIGN (0x2)
 *(.fini9)
 .fini9         0x000000e8        0x0 c:/program files (x86)/atmel/studio/7.0/toolchain/avr8/avr8-gnu-toolchain/bin/../lib/gcc/avr/5.4.0/avr51\libgcc.a(_exit.o)
                0x000000e8                _exit
                0x000000e8                exit
 *(.fini9)
 *(.fini8)
 *(.fini8)
 *(.fini7)
 *(.fini7)
 *(.fini6)
 *(.fini6)
 *(.fini5)
 *(.fini5)
 *(.fini4)
 *(.fini4)
 *(.fini3)
 *(.fini3)
 *(.fini2)
 *(.fini2)
 *(.fini1)
 *(.fini1)
 *(.fini0)
 .fini0         0x000000e8        0x4 c:/program files (x86)/atmel/studio/7.0/toolchain/avr8/avr8-gnu-toolchain/bin/../lib/gcc/avr/5.4.0/avr51\libgcc.a(_exit.o)
 *(.fini0)
                0x000000ec                _etext = .

.data           0x00800100        0x0 load address 0x000000ec
                [!provide]                PROVIDE (__data_start, .)
 *(.data)
 *(.data*)
 *(.gnu.linkonce.d*)
 *(.rodata)
 *(.rodata*)
 *(.gnu.linkonce.r*)
                0x00800100                . = ALIGN (0x2)
                0x00800100                _edata = .
                [!provide]                PROVIDE (__data_end, .)

.bss            0x00800100        0x0
                [!provide]                PROVIDE (__bss_start, .)
 *(.bss)
 *(.bss*)
 *(COMMON)
                [!provide]                PROVIDE (__bss_end, .)
                0x000000ec                __data_load_start = LOADADDR (.data)
                0x000000ec                __data_load_end = (__data_load_start + SIZEOF (.data))

.noinit         0x00800100        0x0
                [!provide]                PZ˜…v@ ;
v<ÊÔlhàﬂKtaÚt|±¢(%∞H †Óo©l,uä;á*)¢,¡†5¥† “∞ (2h[aÙzOw`nuy$†$†∏¢$±† 4% Ï"RCÊxLLC-(O_gEAÅMâ^p,d.#*7+‡0 ( b†¶ !0 ¢∞x00:Å1qÊ @(¬¶P$dp$th,ï.
•ÙtB lEÆY (!"∞ : @%0!`!†6`˘rjVv@ß› 0û 8)A,`®±b(‘sìIEa$|›y!uAp[KpiP($h	M*-„%BX§†Ñ• &Öb†( 6<#≤t<à,"¢‰x((±y£
°Í,.a-hjÔÌ'(Ô“"( 0%§1%` ¨î®Ëp¿89∏07,1bÏn	($86,Ü`!ê__ Âr3Hm_•.u!æF )oï”eMÇar9fE!u;-j (9,º,|qîã	*4ä®+ife“G)
02h|EÚ}KL*
(¨d C=F°™j.l,®r*Ü*kùe #dÒc'	4,j/≥ﬁSag˝sÂÀ9'
n|3˝rp+FHcvTz±-ôlÎ:Ó˝3GrÌs7l≥xu~Áq)0›é	sRdZ%∂æ/M¸!‚)âÕ4svq$7b	@ b._&´rs“v)å,rıa`¨Âjfl)n`Ægu´£nuACl-/Ü≈
&cΩg£*iÈCX2v˙•
2®.˜punf‰yctqaz
	oào÷`B&E?`e|!,f/ÒÏJÔ*˘~‡`9ç
-êÙ#$>Ïn‡ÂyAmÑã*jÛud.IÊz‰±0böüèi@.ÏœfGmÊ!i (` xÏë20<¯R$∞1!'µ%* b'*ö$'à,£goHÂje-¨>†,kg-l·n˝n°P–4$‚0È4¯30h856x>†&∞!2Ÿ;8$m‡)ÆÌåä' d A!$aÙ$ ? ≈ ‚T 4 ˜1Ä$§‡%°†18c±" S@ˆg"tjÛ`$÷aÓ¯cng®fMÉ& ÓÙ˜.'s1#@¸í˚dEF†vNiößm`n≈°∞-a$$(¬∫cìyn0°sh:0$(t∞8∞=º8YZ,nÆy}t&an$Â(Ûm`Æ$`kg0m(/E
 Ë33) (§·rà&@°`Y4Ù @?0∞6!x9c`0i±· `7	Qz+”Ûc-#¿¯‰lW6r8åky|L<oßR~teh/·2/‹ai}Y/¡UHÏ/Dl≈`ÊqE\k2s7§m„cf‚'x™aEL}v–5∫4w/@Ûz59è`z˜aEØdcsq∞.•.}Œú<ÊKdM/mlyc"Ei<Idùlr(f_tD>Gä†I4§!hÏ	E]nƒe@uc	Ë
ndaoqw(èl*ÎÃÖè¢ËÌÈnÌπY*/`‡¶4"€„~≥)Tfo,tb†j`c‡wGlÒÚb¿,ÏM
<k>dtR∑y◊sfŒ}©«"4ö
BLÈ:pfÎ3fÊ`Ù3*
–ûDbsg^1Ü!iE
 =
Â0<l8Ea§®=Xe•¯¥ZUÚ)f.feJuÁZQ’ÒŒnEˇßí@&aef~CM;#{˜Ê ¢(.°0 n$(≤`!¯4†0àp|9<ê0ˆv!$" 8% 0˙v0-m≈iV.ÔJF„‡sg˝Ù3bnJÃdsﬁ	8x8g-btopvRÓA≠S,$,à®Åuzñ5\m.[ )∞pÌsÙt18`d , 0Q=√Ñ J(.lwÚuM=ºO!ægÔñflDkÏ|gu¨uh(°é ?f/Sr˝ﬁmˇ˙f,!B†<z1t00π>bRa°2 , $}98j+o“˚CpQwû+hgt‡h¸~1™Aƒ'e<OWtg$io:h"=ÒÎ‚csÔ’ÏlJ%…¡LMcU_‘ÊÇßq.w´ roB'q¬6&am}Fu!!<gi~¡3Æir∆u4Ddœqøº‰$oà* .Ïh@wiÃK„‘=Z‡`'‡ 100S!7© dh)(y°»2É!Õm).&Áj	H°L˜mfaC5w~ˆ†QºÛî:r≤P0† ±I"l0yÚç	`*"jnVq'GHVcrhoI
†nÖE‰_kYiBxrDv·@Ò˙ù2°∞8)ƒ!íi∞f êpz>≤} O2+Be3wpiY`BM·1 8n∫ /ÉflÊ?Í|u~iØ)∑Æ`/QÔc#y¡_oabi¡DME&!NNA%°%ˆ‰y∏1›'‚ÁÔOtVÕ≥&Mïeat0>&'c!s5Û,£dh4}%o·	2∏6
ﬂã >ÊijuÖw-Á&r›w¶6ÿtp8Pπ30?` ;p0¢∞xπ6·≤m`c^/'ä'TA¿◊Ál q^« !–&&rp019≤µ<Å¿2iË@ò>ed.∞>∆ÂbWgœLan3"æE%fgwGAqjuÆn.uıw|8xogLıhb©	Ç>d}:v≤Z8k.'+»R8Ÿ 1|0¯rö∏""$ †?Hëˆk6O—pœá8˚m OqhÁZ°¢¯h7/°Uˆ`ènÌ“tı`]O=;/ºxqÁì”ªBÚ»ˆ∆ÄTh4°]dÿ•1$>!80@.4"ekaıy!è)∞˛ø∞n~b
¯¸·vˇagA˙:$'Gô	 /n@1Ûﬂ@Ÿ_`≤t8"——p!1ø}  $*` ËÈ!î‚%ËÊ®Ÿ+oI⁄ædbuÁbp%mÒ¢¢e(8{P5Ü@944Ärt†ƒ$!h9Å≠$*9†%%®5f◊Ópa`+
4d{ﬁg|$2Ÿqè„):(∞ª±p¥¢%§"å $`!l15+o!]/øO*Ñ&Dm|svs•$:!d}zp0¸814ê3∞) a‡¯z=#EÃ¨
8d!p~yıÙ`M
ÄÆudbWgﬂ3w@‰!a(&¯xµ∞01¥p†0ÇR( 0˙"8,•Qª≤LmrAaaiu%s((x86"'SpÂ^ß¸˝jwœˇnoc*{'<?e¨jEXmeb˜Zyb/3>?<‡ò+"SÒ∏NÂzk`<ieOi:l|Øesºªt¡zv•t|ÂbÈ!3:<Ü¶ÀB8.dyBMÛ{r‘jR˘$'`"h≤$0TP}9‡ë8¨ !9ëldpÆiÈN(~å0∞D9„ï$"£°©†0§a± 0f*•©e$†0™0*d$(c%jd ⁄‚ÑkrG 2uÃQy"gŸç**$E∫e~i…kd
)zt!fqYG´kΩ¬»O
 g`eßCoSbË÷r{ª /1•ZwgMÔaˆaí+goöÃ*&jj}ÁW2?£iÁ,tç. ™)*eg≤TOKÛÂi2Ódl?w=≠Çäú¨FbÒVÊUNÔ*Åi4ˆë⁄ ≤,e„ÅÛÂ>gSlp_âG%Ûiç	)‚v}d˙u˛OTÕJenayß¬£"*.`\#t%_t]Pns\qs¸~ƒuc]ÁGr3Ú>Gƒ‰Ûèä
(
‘]dcWcÌ‚Ûqo®S!ä®/ëfD#[r˝b|L`EC&‰	.@Qhvb_apl5ø7&M?>g+j]o]w9n'mm ®†0πr`p>p6∞!e`±2)a4¯,
*:"odf*ø~A&fΩ(†Ll‰ÂbrwUz ,}'5Ädì¯Å0|‚ê8$8m`e- `&0†Teeh.Nmå*‚ƒa~›	_j1‚Ôi0‡.	lAgpf$aKz≠%0fWTTW∞¥s∑Bc¯cÙÔ5yÊdDhcs>ù#Ó÷
ç‚Ay}Íaw‚Qﬁ5CgpÕn